test
+- run test 8/9 passed, 1 failed
error: 'interpolation.test.escaped dollar sign - InterpolateValuesEscaped' failed: ====== expected this output: =========
${VAR}ΓÉâ

======== instead found this: =========
\${VAR}ΓÉâ

======================================
First difference occurs on line 1:
expected:
${VAR}
^ ('\x24')
found:
\${VAR}
^ ('\x5c')
C:\ProgramData\chocolatey\lib\zig\tools\zig-windows-x86_64-0.14.0\lib\std\testing.zig:641:9: 0x7ff7cf317508 in expectEqualStrings (test.exe.obj)
        return error.TestExpectedEqual;
        ^
C:\DevCurrent\Zig-Env\test\interpolation.zig:105:5: 0x7ff7cf391ce1 in test.escaped dollar sign - InterpolateValuesEscaped (test.exe.obj)
    try testing.expectEqualStrings("${VAR}", env.get("KEY").?);
    ^
error: while executing test 'interpolation.test.whitespace trimming in interpolation', the following test command failed:
C:\DevCurrent\Zig-Env\.zig-cache\o\eb1bfe7022c675221fb01065e053500f\test.exe --seed=0x891b4ca5 --cache-dir=C:\DevCurrent\Zig-Env\.zig-cache --listen=- 
test
+- run test 75/81 passed, 6 failed
error: 'finalizer.test.finalizeValue - basic substitution' failed: C:\ProgramData\chocolatey\lib\zig\tools\zig-windows-x86_64-0.14.0\lib\std\testing.zig:580:14: 0x7ff74260534f in expect (test.exe.obj)
    if (!ok) return error.TestUnexpectedResult;
             ^
C:\DevCurrent\Zig-Env\src\finalizer.zig:123:5: 0x7ff742611e51 in test.finalizeValue - basic substitution (test.exe.obj)
    try std.testing.expect(res == .interpolated);
    ^
error: 'finalizer.test.finalizeValue - recursive substitution' failed: C:\ProgramData\chocolatey\lib\zig\tools\zig-windows-x86_64-0.14.0\lib\std\testing.zig:580:14: 0x7ff74260534f in expect (test.exe.obj)
    if (!ok) return error.TestUnexpectedResult;
             ^
C:\DevCurrent\Zig-Env\src\finalizer.zig:160:5: 0x7ff742614db2 in test.finalizeValue - recursive substitution (test.exe.obj)
    try std.testing.expect(res == .interpolated);
error: 'finalizer.test.finalizeValue - circular dependency' failed:     ^
C:\ProgramData\chocolatey\lib\zig\tools\zig-windows-x86_64-0.14.0\lib\std\testing.zig:580:14: 0x7ff74260534f in expect (test.exe.obj)
    if (!ok) return error.TestUnexpectedResult;
             ^
C:\DevCurrent\Zig-Env\src\finalizer.zig:193:5: 0x7ff7426158ce in test.finalizeValue - circular dependency (test.exe.obj)
    try std.testing.expect(res == .circular);
error: 'finalizer.test.finalizeValue - multiple interpolations in reverse order' failed:     ^
C:\ProgramData\chocolatey\lib\zig\tools\zig-windows-x86_64-0.14.0\lib\std\testing.zig:580:14: 0x7ff74260534f in expect (test.exe.obj)
    if (!ok) return error.TestUnexpectedResult;
             ^
C:\DevCurrent\Zig-Env\src\finalizer.zig:248:5: 0x7ff742616b7a in test.finalizeValue - multiple interpolations in reverse order (test.exe.obj)
    try std.testing.expect(res == .interpolated);
    ^
error: 'finalizer.test.finalizeValue - indirect circular dependency' failed: C:\ProgramData\chocolatey\lib\zig\tools\zig-windows-x86_64-0.14.0\lib\std\testing.zig:580:14: 0x7ff74260534f in expect (test.exe.obj)
    if (!ok) return error.TestUnexpectedResult;
             ^
C:\DevCurrent\Zig-Env\src\finalizer.zig:288:5: 0x7ff742617873 in test.finalizeValue - indirect circular dependency (test.exe.obj)
    try std.testing.expect(res == .circular);
    ^
error: 'finalizer.test.finalizeValue - same variable twice' failed: C:\ProgramData\chocolatey\lib\zig\tools\zig-windows-x86_64-0.14.0\lib\std\testing.zig:580:14: 0x7ff74260534f in expect (test.exe.obj)
    if (!ok) return error.TestUnexpectedResult;
             ^
C:\DevCurrent\Zig-Env\src\finalizer.zig:317:5: 0x7ff742618270 in test.finalizeValue - same variable twice (test.exe.obj)
    try std.testing.expect(res == .interpolated);
    ^
error: while executing test 'lib.test.Env methods', the following test command failed:
C:\DevCurrent\Zig-Env\.zig-cache\o\4c0b7324a39ec4389494a26f56d2c763\test.exe --seed=0x891b4ca5 --cache-dir=C:\DevCurrent\Zig-Env\.zig-cache --listen=- 
Build Summary: 14/17 steps succeeded; 2 failed; 99/106 tests passed; 7 failed
test transitive failure
+- run test 75/81 passed, 6 failed
|  +- zig test Debug native cached 74ms MaxRSS:19M
+- run test 1 passed 39ms MaxRSS:3M
|  +- zig test Debug native cached 73ms MaxRSS:19M
+- run test 2 passed 39ms MaxRSS:3M
|  +- zig test Debug native cached 74ms MaxRSS:19M
+- run test 4 passed 39ms MaxRSS:3M
|  +- zig test Debug native cached 73ms MaxRSS:19M
+- run test 2 passed 39ms MaxRSS:3M
|  +- zig test Debug native cached 74ms MaxRSS:19M
+- run test 8/9 passed, 1 failed
|  +- zig test Debug native cached 73ms MaxRSS:19M
+- run test 4 passed 39ms MaxRSS:3M
|  +- zig test Debug native cached 74ms MaxRSS:19M
+- run test 3 passed 39ms MaxRSS:3M
   +- zig test Debug native cached 73ms MaxRSS:19M
error: the following build command failed with exit code 1:
C:\DevCurrent\Zig-Env\.zig-cache\o\6db039cc1ee98d7f8acd9aa945ecf2c1\build.exe C:\ProgramData\chocolatey\lib\zig\tools\zig-windows-x86_64-0.14.0\zig.exe C:\ProgramData\chocolatey\lib\zig\tools\zig-windows-x86_64-0.14.0\lib C:\DevCurrent\Zig-Env C:\DevCurrent\Zig-Env\.zig-cache C:\Users\atomi\AppData\Local\zig --seed 0x891b4ca5 -Zfc7e9a10d547b0b7 test --summary all
